exports[`test renders correctly 1`] = `
<View
  style={
    Object {
      "flex": 1,
    }
  }>
  <ScrollView
    dataSource={
      ListViewDataSource {
        "items": 0,
      }
    }
    enableEmptySections={true}
    initialListSize={10}
    onContentSizeChange={[Function]}
    onEndReachedThreshold={1000}
    onKeyboardDidHide={undefined}
    onKeyboardDidShow={undefined}
    onKeyboardWillHide={undefined}
    onKeyboardWillShow={undefined}
    onLayout={[Function]}
    onScroll={[Function]}
    pageSize={1}
    refreshControl={
      <RefreshControl
        onRefresh={[Function]}
        refreshing={true}
        tintColor="#4641B5" />
    }
    removeClippedSubviews={true}
    renderRow={[Function]}
    scrollEventThrottle={50}
    scrollRenderAheadDistance={1000}
    stickyHeaderIndices={Array []}
    style={Object {}} />
  <View
    style={
      Object {
        "alignItems": "center",
        "backgroundColor": "#EFEFF2",
        "borderTopColor": "#D2D2D2",
        "borderTopWidth": 1,
        "height": 70,
        "justifyContent": "center",
      }
    }>
    <TouchableHighlight
      activeOpacity={0.85}
      onPress={[Function]}
      style={
        Array [
          Object {
            "margin": 7,
          },
          Object {
            "borderRadius": 28,
            "height": 52,
            "width": 52,
          },
          Object {
            "shadowColor": "rgba(0,0,0, .4)",
            "shadowOffset": Object {
              "height": 1,
              "width": 1,
            },
            "shadowOpacity": 1,
            "shadowRadius": 1,
          },
          Object {
            "alignItems": "center",
            "backgroundColor": "#f50",
            "justifyContent": "center",
          },
          undefined,
        ]
      }
      underlayColor="#f50">
      <Text
        accessible={true}
        allowFontScaling={false}
        ellipsizeMode="tail"
        style={
          Array [
            Object {
              "color": "white",
              "fontFamily": "Material Icons",
              "fontSize": 24,
              "fontStyle": "normal",
              "fontWeight": "normal",
            },
            Array [
              Object {
                "backgroundColor": "transparent",
              },
              undefined,
            ],
          ]
        }>
        î……
      </Text>
    </TouchableHighlight>
  </View>
</View>
`;
